eeschema (22-Jun-2014 BZR 4027)-stable  >> Creation date: Sat 08 Aug 2015 07:13:52 AM CEST
#Cmp ( order = Reference )
| C1         10pF        
| C2         330uF       
| C3         1nF         
| C4         1uF         
| C5         3.3nF       
| C6         1nF         
| C7         1nF         
| C8         1nF         
| C9         1nF         
| C10        1nF         
| C11        1nF         
| C12        1nF         
| C13        1uF         
| C14        1uF         
| C15        1uF         
| C16        1uF         
| C17        3.3nF       
| D1         RedHiBr     
| J1         USB         
| L1         70nH/60nH*  
| P1         eeg_out     
| P2         CONN_1      
| P3         RX_out      
| Q1         BFR92       
| Q2         BFR92       
| R1         100k        
| R2         1.5M        
| R3         10k         
| R4         3k6         
| R5         3k6         
| R6         1M1         
| R7         1.5M        
| R8         180k        
| R9         10k         
| R10        1.5M        
| R11        10k         
| R12        10k         
| R13        1.5M        
| R14        180k        
| R15        1.5M        
| R16        30k         
| R17        30k         
| R18        30k         
| R19        1.5M        
| R20        1.5M        
| R21        1.5M        
| R22        30k         
| R23        180k        
| R24        1.5M        
| R25        1.5M        
| R26        30k         
| R27        30k         
| R28        180k        
| R29        2k          
| R30        22k         
| R31        20k         
| R32        200k        
| R33        47k         
| RV1        10k         
| RV2        100k        
| U1         TLC274CD    
| U2         TLC272CD    
#End Cmp

#Cmp ( order = Value )
| 10pF         C1        
| 1nF          C3        
| 1nF          C6        
| 1nF          C7        
| 1nF          C8        
| 1nF          C9        
| 1nF          C10       
| 1nF          C11       
| 1nF          C12       
| 3.3nF        C5        
| 3.3nF        C17       
| 1uF          C4        
| 1uF          C13       
| 1uF          C14       
| 1uF          C15       
| 1uF          C16       
| 330uF        C2        
| RedHiBr      D1        
| USB          J1        
| 70nH/60nH*   L1        
| eeg_out      P1        
| CONN_1       P2        
| RX_out       P3        
| BFR92        Q1        
| BFR92        Q2        
| 2k           R29       
| 3k6          R4        
| 3k6          R5        
| 10k          R3        
| 10k          R9        
| 10k          R11       
| 10k          R12       
| 20k          R31       
| 22k          R30       
| 30k          R16       
| 30k          R17       
| 30k          R18       
| 30k          R22       
| 30k          R26       
| 30k          R27       
| 47k          R33       
| 100k         R1        
| 180k         R8        
| 180k         R14       
| 180k         R23       
| 180k         R28       
| 200k         R32       
| 1M1          R6        
| 1.5M         R2        
| 1.5M         R7        
| 1.5M         R10       
| 1.5M         R13       
| 1.5M         R15       
| 1.5M         R19       
| 1.5M         R20       
| 1.5M         R21       
| 1.5M         R24       
| 1.5M         R25       
| 10k          RV1       
| 100k         RV2       
| TLC274CD     U1        
| TLC272CD     U2        
#End Cmp

#End List
